../Core/Src/main.c:101:7:GpsToDecimalDegrees	40	static
../Core/Src/main.c:127:5:main	112	static
../Core/Src/main.c:237:6:SystemClock_Config	96	static
../Core/Src/main.c:292:13:MX_SPI1_Init	8	static
../Core/Src/main.c:332:13:MX_USART1_UART_Init	8	static
../Core/Src/main.c:367:13:MX_USART2_UART_Init	8	static
../Core/Src/main.c:402:13:MX_GPIO_Init	40	static
../Core/Src/main.c:434:6:USART2_IRQHandler	16	static
../Core/Src/main.c:473:6:HAL_GPIO_EXTI_Callback	16	static
../Core/Src/main.c:490:6:Startuart1Task	24	static
../Core/Src/main.c:543:6:Startuart2Task	56	static
../Core/Src/main.c:614:6:startspi1Task	24	static
../Core/Src/main.c:710:6:HAL_TIM_PeriodElapsedCallback	16	static
../Core/Src/main.c:727:6:Error_Handler	4	static,ignoring_inline_asm
