../Core/Src/main.c:101:7:GpsToDecimalDegrees	40	static
../Core/Src/main.c:127:5:main	112	static
../Core/Src/main.c:238:6:SystemClock_Config	96	static
../Core/Src/main.c:293:13:MX_SPI1_Init	8	static
../Core/Src/main.c:333:13:MX_USART1_UART_Init	8	static
../Core/Src/main.c:368:13:MX_USART2_UART_Init	8	static
../Core/Src/main.c:403:13:MX_GPIO_Init	40	static
../Core/Src/main.c:445:6:USART1_IRQHandler	16	static
../Core/Src/main.c:484:6:HAL_GPIO_EXTI_Callback	16	static
../Core/Src/main.c:501:6:Startuart1Task	24	static
../Core/Src/main.c:556:6:Startuart2Task	56	static
../Core/Src/main.c:621:6:startspi1Task	24	static
../Core/Src/main.c:722:6:HAL_TIM_PeriodElapsedCallback	16	static
../Core/Src/main.c:739:6:Error_Handler	4	static,ignoring_inline_asm
